
[
	
	{
		"location" : 
		{
			"filename" : "test/testcases/necla/ex21.c",
			"loc" : 
			{
				"col" : 4,
				"line" : 10
			}
		},
		"type" : "BUF-01"
	}
]
