
[
	
	{
		"location" : 
		{
			"filename" : "test/testcases/necla/ex22.c",
			"loc" : 
			{
				"col" : 9,
				"line" : 25
			}
		},
		"type" : "BUF-01"
	},
	
	{
		"location" : 
		{
			"filename" : "test/testcases/necla/ex22.c",
			"loc" : 
			{
				"col" : 4,
				"line" : 28
			}
		},
		"type" : "BUF-01"
	}
]
