
[
	
	{
		"location" : 
		{
			"filename" : "test/testcases/misc/file.c",
			"loc" : 
			{
				"col" : 16,
				"line" : 9
			}
		},
		"type" : "ASR-01"
	}
]
