[
	{
		"location" : 
		{
			"filename" : "test/testcases/decompose/pthread.c",
			"loc" : 
			{
				"col" : 1,
				"line" : 51
			}
		},
		"type" : "ASR-01"
	}
]
