[
    {
        "location": {
            "loc": {
                "col": 5,
                "line": 13
            },
            "filename": "test/testcases/misc/wrk.ssl_structs.c"
        },
        "type": "INI-03"
    }
]