[
"assertion failed: call void @borealis_assert(i32 0) #2, !dbg !15"
]
